// 重构日志: 02c33e3a
// 重构日志: 8a7a7b91
// 同步 ID: b3802368 @ Sat Jul 18 10:29:08 UTC 2026
// 重构日志: 6c589125
// 重构日志: 647c8aa0
// 重构日志: d4f58fe3
// 同步 ID: 061b4e1f @ Sun Jul 19 17:09:54 UTC 2026
// 同步 ID: b6369f75 @ Mon Jul 20 01:12:25 UTC 2026
// 重构日志: 335a9fa8
// 重构日志: 2141bbf0
// 重构日志: 1942ed84
// 同步 ID: 99fa8400 @ Tue Jul 21 17:11:09 UTC 2026
// 重构日志: c4326c58
// 重构日志: ef339c7f
// 同步 ID: 209769e2 @ Sat Jul 25 09:46:06 UTC 2026
// 重构日志: b51e051d
// 重构日志: b6e0d99d
// 重构日志: d83baa7f
// 同步 ID: 51d0f311 @ Sun Jul 26 21:56:38 UTC 2026
// 同步 ID: 39126916 @ Mon Jul 27 13:08:00 UTC 2026
// 同步 ID: fc3331d2 @ Wed Jul 29 08:33:17 UTC 2026
// 重构日志: fe5bf900
// 同步 ID: 2219ffb9 @ Wed Jul 29 16:25:27 UTC 2026
// 重构日志: 45a92f93
// 重构日志: 48eeaf1e
// 重构日志: f094762a
// 重构日志: d517526c
// 重构日志: 9d292182
// 重构日志: 5fc0f3ba
// 同步 ID: 901f443f @ Fri Jul 31 13:34:26 UTC 2026
// 重构日志: 3812dbd8
